
Allocating common symbols
Common symbol       size              file

Unintialized_Global
                    0x4               main.o

Memory Configuration

Name             Origin             Length             Attributes
flash            0x08000000         0x00020000         xr
sram             0x20000000         0x00005000         xrw
*default*        0x00000000         0xffffffff

Linker script and memory map


.text           0x08000000       0xd8
 *(.vectors*)
 *(.text*)
 .text          0x08000000       0xd8 main.o
                0x08000000                main
 .text          0x080000d8        0x0 startup.o

.data           0x080000d8        0x7
 .data          0x080000d8        0x7 main.o
                0x080000d8                output_ODR
                0x080000dc                G_variables
 .data          0x080000df        0x0 startup.o

.igot.plt       0x080000e0        0x0
 .igot.plt      0x080000e0        0x0 main.o

.glue_7         0x080000e0        0x0
 .glue_7        0x080000e0        0x0 linker stubs

.glue_7t        0x080000e0        0x0
 .glue_7t       0x080000e0        0x0 linker stubs

.vfp11_veneer   0x080000e0        0x0
 .vfp11_veneer  0x080000e0        0x0 linker stubs

.v4_bx          0x080000e0        0x0
 .v4_bx         0x080000e0        0x0 linker stubs

.iplt           0x080000e0        0x0
 .iplt          0x080000e0        0x0 main.o

.rel.dyn        0x080000e0        0x0
 .rel.iplt      0x080000e0        0x0 main.o

.bss            0x20000000        0x4
 *(.bss*)
 .bss           0x20000000        0x0 main.o
 .bss           0x20000000        0x0 startup.o
 COMMON         0x20000000        0x4 main.o
                0x20000000                Unintialized_Global
LOAD main.o
LOAD startup.o
OUTPUT(lab2_Ab.elf elf32-littlearm)

.debug_info     0x00000000      0x110
 .debug_info    0x00000000      0x110 main.o

.debug_abbrev   0x00000000       0xde
 .debug_abbrev  0x00000000       0xde main.o

.debug_aranges  0x00000000       0x20
 .debug_aranges
                0x00000000       0x20 main.o

.debug_line     0x00000000       0x56
 .debug_line    0x00000000       0x56 main.o

.debug_str      0x00000000       0xf6
 .debug_str     0x00000000       0xf6 main.o

.comment        0x00000000       0x7e
 .comment       0x00000000       0x7e main.o
                                 0x7f (size before relaxing)

.ARM.attributes
                0x00000000       0x30
 .ARM.attributes
                0x00000000       0x32 main.o
 .ARM.attributes
                0x00000032       0x22 startup.o

.debug_frame    0x00000000       0x28
 .debug_frame   0x00000000       0x28 main.o
